t:\robomaster_2\project\mujocomissile\build\_deps\glfw-build\src\debug\glfw3.pdb
t:\robomaster_2\project\mujocomissile\build\_deps\glfw-build\src\glfw.dir\debug\osmesa_context.obj
t:\robomaster_2\project\mujocomissile\build\_deps\glfw-build\src\glfw.dir\debug\egl_context.obj
t:\robomaster_2\project\mujocomissile\build\_deps\glfw-build\src\glfw.dir\debug\wgl_context.obj
t:\robomaster_2\project\mujocomissile\build\_deps\glfw-build\src\glfw.dir\debug\win32_window.obj
t:\robomaster_2\project\mujocomissile\build\_deps\glfw-build\src\glfw.dir\debug\win32_thread.obj
t:\robomaster_2\project\mujocomissile\build\_deps\glfw-build\src\glfw.dir\debug\win32_time.obj
t:\robomaster_2\project\mujocomissile\build\_deps\glfw-build\src\glfw.dir\debug\win32_monitor.obj
t:\robomaster_2\project\mujocomissile\build\_deps\glfw-build\src\glfw.dir\debug\win32_joystick.obj
t:\robomaster_2\project\mujocomissile\build\_deps\glfw-build\src\glfw.dir\debug\win32_init.obj
t:\robomaster_2\project\mujocomissile\build\_deps\glfw-build\src\glfw.dir\debug\window.obj
t:\robomaster_2\project\mujocomissile\build\_deps\glfw-build\src\glfw.dir\debug\vulkan.obj
t:\robomaster_2\project\mujocomissile\build\_deps\glfw-build\src\glfw.dir\debug\monitor.obj
t:\robomaster_2\project\mujocomissile\build\_deps\glfw-build\src\glfw.dir\debug\input.obj
t:\robomaster_2\project\mujocomissile\build\_deps\glfw-build\src\glfw.dir\debug\init.obj
t:\robomaster_2\project\mujocomissile\build\_deps\glfw-build\src\glfw.dir\debug\context.obj
t:\robomaster_2\project\mujocomissile\build\_deps\glfw-build\src\cmakefiles\generate.stamp
t:\robomaster_2\project\mujocomissile\build\_deps\glfw-build\src\debug\glfw3.lib
t:\robomaster_2\project\mujocomissile\build\_deps\glfw-build\src\glfw.dir\debug\glfw.tlog\cl.command.1.tlog
t:\robomaster_2\project\mujocomissile\build\_deps\glfw-build\src\glfw.dir\debug\glfw.tlog\cl.items.tlog
t:\robomaster_2\project\mujocomissile\build\_deps\glfw-build\src\glfw.dir\debug\glfw.tlog\cl.read.1.tlog
t:\robomaster_2\project\mujocomissile\build\_deps\glfw-build\src\glfw.dir\debug\glfw.tlog\cl.write.1.tlog
t:\robomaster_2\project\mujocomissile\build\_deps\glfw-build\src\glfw.dir\debug\glfw.tlog\custombuild.command.1.tlog
t:\robomaster_2\project\mujocomissile\build\_deps\glfw-build\src\glfw.dir\debug\glfw.tlog\custombuild.read.1.tlog
t:\robomaster_2\project\mujocomissile\build\_deps\glfw-build\src\glfw.dir\debug\glfw.tlog\custombuild.write.1.tlog
t:\robomaster_2\project\mujocomissile\build\_deps\glfw-build\src\glfw.dir\debug\glfw.tlog\lib-link.read.1.tlog
t:\robomaster_2\project\mujocomissile\build\_deps\glfw-build\src\glfw.dir\debug\glfw.tlog\lib-link.write.1.tlog
t:\robomaster_2\project\mujocomissile\build\_deps\glfw-build\src\glfw.dir\debug\glfw.tlog\lib.command.1.tlog
