t:\robomaster_2\project\mujocomissile\build\_deps\glfw-build\examples\sharing.dir\debug\vc143.pdb
t:\robomaster_2\project\mujocomissile\build\_deps\glfw-build\examples\sharing.dir\debug\glad_gl.obj
t:\robomaster_2\project\mujocomissile\build\_deps\glfw-build\examples\sharing.dir\debug\sharing.obj
t:\robomaster_2\project\mujocomissile\build\_deps\glfw-build\examples\cmakefiles\generate.stamp
t:\robomaster_2\project\mujocomissile\build\_deps\glfw-build\examples\debug\sharing.exe
t:\robomaster_2\project\mujocomissile\build\_deps\glfw-build\examples\debug\sharing.pdb
t:\robomaster_2\project\mujocomissile\build\_deps\glfw-build\examples\sharing.dir\debug\glfw.res
t:\robomaster_2\project\mujocomissile\build\_deps\glfw-build\examples\sharing.dir\debug\sharing.ilk
t:\robomaster_2\project\mujocomissile\build\_deps\glfw-build\examples\sharing.dir\debug\sharing.tlog\cl.command.1.tlog
t:\robomaster_2\project\mujocomissile\build\_deps\glfw-build\examples\sharing.dir\debug\sharing.tlog\cl.items.tlog
t:\robomaster_2\project\mujocomissile\build\_deps\glfw-build\examples\sharing.dir\debug\sharing.tlog\cl.read.1.tlog
t:\robomaster_2\project\mujocomissile\build\_deps\glfw-build\examples\sharing.dir\debug\sharing.tlog\cl.write.1.tlog
t:\robomaster_2\project\mujocomissile\build\_deps\glfw-build\examples\sharing.dir\debug\sharing.tlog\custombuild.command.1.tlog
t:\robomaster_2\project\mujocomissile\build\_deps\glfw-build\examples\sharing.dir\debug\sharing.tlog\custombuild.read.1.tlog
t:\robomaster_2\project\mujocomissile\build\_deps\glfw-build\examples\sharing.dir\debug\sharing.tlog\custombuild.write.1.tlog
t:\robomaster_2\project\mujocomissile\build\_deps\glfw-build\examples\sharing.dir\debug\sharing.tlog\link.command.1.tlog
t:\robomaster_2\project\mujocomissile\build\_deps\glfw-build\examples\sharing.dir\debug\sharing.tlog\link.read.1.tlog
t:\robomaster_2\project\mujocomissile\build\_deps\glfw-build\examples\sharing.dir\debug\sharing.tlog\link.secondary.1.tlog
t:\robomaster_2\project\mujocomissile\build\_deps\glfw-build\examples\sharing.dir\debug\sharing.tlog\link.write.1.tlog
t:\robomaster_2\project\mujocomissile\build\_deps\glfw-build\examples\sharing.dir\debug\sharing.tlog\rc.command.1.tlog
t:\robomaster_2\project\mujocomissile\build\_deps\glfw-build\examples\sharing.dir\debug\sharing.tlog\rc.read.1.tlog
t:\robomaster_2\project\mujocomissile\build\_deps\glfw-build\examples\sharing.dir\debug\sharing.tlog\rc.write.1.tlog
