t:\robomaster_2\project\mujocomissile\build\_deps\glfw-build\examples\wave.dir\debug\vc143.pdb
t:\robomaster_2\project\mujocomissile\build\_deps\glfw-build\examples\wave.dir\debug\glad_gl.obj
t:\robomaster_2\project\mujocomissile\build\_deps\glfw-build\examples\wave.dir\debug\wave.obj
t:\robomaster_2\project\mujocomissile\build\_deps\glfw-build\examples\cmakefiles\generate.stamp
t:\robomaster_2\project\mujocomissile\build\_deps\glfw-build\examples\debug\wave.exe
t:\robomaster_2\project\mujocomissile\build\_deps\glfw-build\examples\debug\wave.pdb
t:\robomaster_2\project\mujocomissile\build\_deps\glfw-build\examples\wave.dir\debug\glfw.res
t:\robomaster_2\project\mujocomissile\build\_deps\glfw-build\examples\wave.dir\debug\wave.ilk
t:\robomaster_2\project\mujocomissile\build\_deps\glfw-build\examples\wave.dir\debug\wave.tlog\cl.command.1.tlog
t:\robomaster_2\project\mujocomissile\build\_deps\glfw-build\examples\wave.dir\debug\wave.tlog\cl.items.tlog
t:\robomaster_2\project\mujocomissile\build\_deps\glfw-build\examples\wave.dir\debug\wave.tlog\cl.read.1.tlog
t:\robomaster_2\project\mujocomissile\build\_deps\glfw-build\examples\wave.dir\debug\wave.tlog\cl.write.1.tlog
t:\robomaster_2\project\mujocomissile\build\_deps\glfw-build\examples\wave.dir\debug\wave.tlog\custombuild.command.1.tlog
t:\robomaster_2\project\mujocomissile\build\_deps\glfw-build\examples\wave.dir\debug\wave.tlog\custombuild.read.1.tlog
t:\robomaster_2\project\mujocomissile\build\_deps\glfw-build\examples\wave.dir\debug\wave.tlog\custombuild.write.1.tlog
t:\robomaster_2\project\mujocomissile\build\_deps\glfw-build\examples\wave.dir\debug\wave.tlog\link.command.1.tlog
t:\robomaster_2\project\mujocomissile\build\_deps\glfw-build\examples\wave.dir\debug\wave.tlog\link.read.1.tlog
t:\robomaster_2\project\mujocomissile\build\_deps\glfw-build\examples\wave.dir\debug\wave.tlog\link.secondary.1.tlog
t:\robomaster_2\project\mujocomissile\build\_deps\glfw-build\examples\wave.dir\debug\wave.tlog\link.write.1.tlog
t:\robomaster_2\project\mujocomissile\build\_deps\glfw-build\examples\wave.dir\debug\wave.tlog\rc.command.1.tlog
t:\robomaster_2\project\mujocomissile\build\_deps\glfw-build\examples\wave.dir\debug\wave.tlog\rc.read.1.tlog
t:\robomaster_2\project\mujocomissile\build\_deps\glfw-build\examples\wave.dir\debug\wave.tlog\rc.write.1.tlog
