t:\robomaster_2\project\mujocomissile\build\_deps\glfw-build\examples\particles.dir\debug\vc143.pdb
t:\robomaster_2\project\mujocomissile\build\_deps\glfw-build\examples\particles.dir\debug\glad_gl.obj
t:\robomaster_2\project\mujocomissile\build\_deps\glfw-build\examples\particles.dir\debug\getopt.obj
t:\robomaster_2\project\mujocomissile\build\_deps\glfw-build\examples\particles.dir\debug\tinycthread.obj
t:\robomaster_2\project\mujocomissile\build\_deps\glfw-build\examples\particles.dir\debug\particles.obj
t:\robomaster_2\project\mujocomissile\build\_deps\glfw-build\examples\cmakefiles\generate.stamp
t:\robomaster_2\project\mujocomissile\build\_deps\glfw-build\examples\debug\particles.exe
t:\robomaster_2\project\mujocomissile\build\_deps\glfw-build\examples\debug\particles.pdb
t:\robomaster_2\project\mujocomissile\build\_deps\glfw-build\examples\particles.dir\debug\glfw.res
t:\robomaster_2\project\mujocomissile\build\_deps\glfw-build\examples\particles.dir\debug\particles.ilk
t:\robomaster_2\project\mujocomissile\build\_deps\glfw-build\examples\particles.dir\debug\particles.tlog\cl.command.1.tlog
t:\robomaster_2\project\mujocomissile\build\_deps\glfw-build\examples\particles.dir\debug\particles.tlog\cl.items.tlog
t:\robomaster_2\project\mujocomissile\build\_deps\glfw-build\examples\particles.dir\debug\particles.tlog\cl.read.1.tlog
t:\robomaster_2\project\mujocomissile\build\_deps\glfw-build\examples\particles.dir\debug\particles.tlog\cl.write.1.tlog
t:\robomaster_2\project\mujocomissile\build\_deps\glfw-build\examples\particles.dir\debug\particles.tlog\custombuild.command.1.tlog
t:\robomaster_2\project\mujocomissile\build\_deps\glfw-build\examples\particles.dir\debug\particles.tlog\custombuild.read.1.tlog
t:\robomaster_2\project\mujocomissile\build\_deps\glfw-build\examples\particles.dir\debug\particles.tlog\custombuild.write.1.tlog
t:\robomaster_2\project\mujocomissile\build\_deps\glfw-build\examples\particles.dir\debug\particles.tlog\link.command.1.tlog
t:\robomaster_2\project\mujocomissile\build\_deps\glfw-build\examples\particles.dir\debug\particles.tlog\link.read.1.tlog
t:\robomaster_2\project\mujocomissile\build\_deps\glfw-build\examples\particles.dir\debug\particles.tlog\link.secondary.1.tlog
t:\robomaster_2\project\mujocomissile\build\_deps\glfw-build\examples\particles.dir\debug\particles.tlog\link.write.1.tlog
t:\robomaster_2\project\mujocomissile\build\_deps\glfw-build\examples\particles.dir\debug\particles.tlog\rc.command.1.tlog
t:\robomaster_2\project\mujocomissile\build\_deps\glfw-build\examples\particles.dir\debug\particles.tlog\rc.read.1.tlog
t:\robomaster_2\project\mujocomissile\build\_deps\glfw-build\examples\particles.dir\debug\particles.tlog\rc.write.1.tlog
