t:\robomaster_2\project\mujocomissile\build\_deps\glfw-build\examples\offscreen.dir\debug\vc143.pdb
t:\robomaster_2\project\mujocomissile\build\_deps\glfw-build\examples\offscreen.dir\debug\glad_gl.obj
t:\robomaster_2\project\mujocomissile\build\_deps\glfw-build\examples\offscreen.dir\debug\offscreen.obj
t:\robomaster_2\project\mujocomissile\build\_deps\glfw-build\examples\cmakefiles\generate.stamp
t:\robomaster_2\project\mujocomissile\build\_deps\glfw-build\examples\debug\offscreen.exe
t:\robomaster_2\project\mujocomissile\build\_deps\glfw-build\examples\debug\offscreen.pdb
t:\robomaster_2\project\mujocomissile\build\_deps\glfw-build\examples\offscreen.dir\debug\glfw.res
t:\robomaster_2\project\mujocomissile\build\_deps\glfw-build\examples\offscreen.dir\debug\offscreen.ilk
t:\robomaster_2\project\mujocomissile\build\_deps\glfw-build\examples\offscreen.dir\debug\offscreen.tlog\cl.command.1.tlog
t:\robomaster_2\project\mujocomissile\build\_deps\glfw-build\examples\offscreen.dir\debug\offscreen.tlog\cl.items.tlog
t:\robomaster_2\project\mujocomissile\build\_deps\glfw-build\examples\offscreen.dir\debug\offscreen.tlog\cl.read.1.tlog
t:\robomaster_2\project\mujocomissile\build\_deps\glfw-build\examples\offscreen.dir\debug\offscreen.tlog\cl.write.1.tlog
t:\robomaster_2\project\mujocomissile\build\_deps\glfw-build\examples\offscreen.dir\debug\offscreen.tlog\custombuild.command.1.tlog
t:\robomaster_2\project\mujocomissile\build\_deps\glfw-build\examples\offscreen.dir\debug\offscreen.tlog\custombuild.read.1.tlog
t:\robomaster_2\project\mujocomissile\build\_deps\glfw-build\examples\offscreen.dir\debug\offscreen.tlog\custombuild.write.1.tlog
t:\robomaster_2\project\mujocomissile\build\_deps\glfw-build\examples\offscreen.dir\debug\offscreen.tlog\link.command.1.tlog
t:\robomaster_2\project\mujocomissile\build\_deps\glfw-build\examples\offscreen.dir\debug\offscreen.tlog\link.read.1.tlog
t:\robomaster_2\project\mujocomissile\build\_deps\glfw-build\examples\offscreen.dir\debug\offscreen.tlog\link.secondary.1.tlog
t:\robomaster_2\project\mujocomissile\build\_deps\glfw-build\examples\offscreen.dir\debug\offscreen.tlog\link.write.1.tlog
t:\robomaster_2\project\mujocomissile\build\_deps\glfw-build\examples\offscreen.dir\debug\offscreen.tlog\rc.command.1.tlog
t:\robomaster_2\project\mujocomissile\build\_deps\glfw-build\examples\offscreen.dir\debug\offscreen.tlog\rc.read.1.tlog
t:\robomaster_2\project\mujocomissile\build\_deps\glfw-build\examples\offscreen.dir\debug\offscreen.tlog\rc.write.1.tlog
