t:\robomaster_2\project\mujocomissile\build\_deps\glfw-build\examples\heightmap.dir\debug\vc143.pdb
t:\robomaster_2\project\mujocomissile\build\_deps\glfw-build\examples\heightmap.dir\debug\glad_gl.obj
t:\robomaster_2\project\mujocomissile\build\_deps\glfw-build\examples\heightmap.dir\debug\heightmap.obj
t:\robomaster_2\project\mujocomissile\build\_deps\glfw-build\examples\cmakefiles\generate.stamp
t:\robomaster_2\project\mujocomissile\build\_deps\glfw-build\examples\debug\heightmap.exe
t:\robomaster_2\project\mujocomissile\build\_deps\glfw-build\examples\debug\heightmap.pdb
t:\robomaster_2\project\mujocomissile\build\_deps\glfw-build\examples\heightmap.dir\debug\glfw.res
t:\robomaster_2\project\mujocomissile\build\_deps\glfw-build\examples\heightmap.dir\debug\heightmap.ilk
t:\robomaster_2\project\mujocomissile\build\_deps\glfw-build\examples\heightmap.dir\debug\heightmap.tlog\cl.command.1.tlog
t:\robomaster_2\project\mujocomissile\build\_deps\glfw-build\examples\heightmap.dir\debug\heightmap.tlog\cl.items.tlog
t:\robomaster_2\project\mujocomissile\build\_deps\glfw-build\examples\heightmap.dir\debug\heightmap.tlog\cl.read.1.tlog
t:\robomaster_2\project\mujocomissile\build\_deps\glfw-build\examples\heightmap.dir\debug\heightmap.tlog\cl.write.1.tlog
t:\robomaster_2\project\mujocomissile\build\_deps\glfw-build\examples\heightmap.dir\debug\heightmap.tlog\custombuild.command.1.tlog
t:\robomaster_2\project\mujocomissile\build\_deps\glfw-build\examples\heightmap.dir\debug\heightmap.tlog\custombuild.read.1.tlog
t:\robomaster_2\project\mujocomissile\build\_deps\glfw-build\examples\heightmap.dir\debug\heightmap.tlog\custombuild.write.1.tlog
t:\robomaster_2\project\mujocomissile\build\_deps\glfw-build\examples\heightmap.dir\debug\heightmap.tlog\link.command.1.tlog
t:\robomaster_2\project\mujocomissile\build\_deps\glfw-build\examples\heightmap.dir\debug\heightmap.tlog\link.read.1.tlog
t:\robomaster_2\project\mujocomissile\build\_deps\glfw-build\examples\heightmap.dir\debug\heightmap.tlog\link.secondary.1.tlog
t:\robomaster_2\project\mujocomissile\build\_deps\glfw-build\examples\heightmap.dir\debug\heightmap.tlog\link.write.1.tlog
t:\robomaster_2\project\mujocomissile\build\_deps\glfw-build\examples\heightmap.dir\debug\heightmap.tlog\rc.command.1.tlog
t:\robomaster_2\project\mujocomissile\build\_deps\glfw-build\examples\heightmap.dir\debug\heightmap.tlog\rc.read.1.tlog
t:\robomaster_2\project\mujocomissile\build\_deps\glfw-build\examples\heightmap.dir\debug\heightmap.tlog\rc.write.1.tlog
