t:\robomaster_2\project\mujocomissile\build\_deps\glfw-build\examples\splitview.dir\debug\vc143.pdb
t:\robomaster_2\project\mujocomissile\build\_deps\glfw-build\examples\splitview.dir\debug\glad_gl.obj
t:\robomaster_2\project\mujocomissile\build\_deps\glfw-build\examples\splitview.dir\debug\splitview.obj
t:\robomaster_2\project\mujocomissile\build\_deps\glfw-build\examples\cmakefiles\generate.stamp
t:\robomaster_2\project\mujocomissile\build\_deps\glfw-build\examples\debug\splitview.exe
t:\robomaster_2\project\mujocomissile\build\_deps\glfw-build\examples\debug\splitview.pdb
t:\robomaster_2\project\mujocomissile\build\_deps\glfw-build\examples\splitview.dir\debug\glfw.res
t:\robomaster_2\project\mujocomissile\build\_deps\glfw-build\examples\splitview.dir\debug\splitview.ilk
t:\robomaster_2\project\mujocomissile\build\_deps\glfw-build\examples\splitview.dir\debug\splitview.tlog\cl.command.1.tlog
t:\robomaster_2\project\mujocomissile\build\_deps\glfw-build\examples\splitview.dir\debug\splitview.tlog\cl.items.tlog
t:\robomaster_2\project\mujocomissile\build\_deps\glfw-build\examples\splitview.dir\debug\splitview.tlog\cl.read.1.tlog
t:\robomaster_2\project\mujocomissile\build\_deps\glfw-build\examples\splitview.dir\debug\splitview.tlog\cl.write.1.tlog
t:\robomaster_2\project\mujocomissile\build\_deps\glfw-build\examples\splitview.dir\debug\splitview.tlog\custombuild.command.1.tlog
t:\robomaster_2\project\mujocomissile\build\_deps\glfw-build\examples\splitview.dir\debug\splitview.tlog\custombuild.read.1.tlog
t:\robomaster_2\project\mujocomissile\build\_deps\glfw-build\examples\splitview.dir\debug\splitview.tlog\custombuild.write.1.tlog
t:\robomaster_2\project\mujocomissile\build\_deps\glfw-build\examples\splitview.dir\debug\splitview.tlog\link.command.1.tlog
t:\robomaster_2\project\mujocomissile\build\_deps\glfw-build\examples\splitview.dir\debug\splitview.tlog\link.read.1.tlog
t:\robomaster_2\project\mujocomissile\build\_deps\glfw-build\examples\splitview.dir\debug\splitview.tlog\link.secondary.1.tlog
t:\robomaster_2\project\mujocomissile\build\_deps\glfw-build\examples\splitview.dir\debug\splitview.tlog\link.write.1.tlog
t:\robomaster_2\project\mujocomissile\build\_deps\glfw-build\examples\splitview.dir\debug\splitview.tlog\rc.command.1.tlog
t:\robomaster_2\project\mujocomissile\build\_deps\glfw-build\examples\splitview.dir\debug\splitview.tlog\rc.read.1.tlog
t:\robomaster_2\project\mujocomissile\build\_deps\glfw-build\examples\splitview.dir\debug\splitview.tlog\rc.write.1.tlog
