t:\robomaster_2\project\mujocomissile\build\_deps\glfw-build\examples\gears.dir\debug\vc143.pdb
t:\robomaster_2\project\mujocomissile\build\_deps\glfw-build\examples\gears.dir\debug\glad_gl.obj
t:\robomaster_2\project\mujocomissile\build\_deps\glfw-build\examples\gears.dir\debug\gears.obj
t:\robomaster_2\project\mujocomissile\build\_deps\glfw-build\examples\cmakefiles\generate.stamp
t:\robomaster_2\project\mujocomissile\build\_deps\glfw-build\examples\debug\gears.exe
t:\robomaster_2\project\mujocomissile\build\_deps\glfw-build\examples\debug\gears.pdb
t:\robomaster_2\project\mujocomissile\build\_deps\glfw-build\examples\gears.dir\debug\glfw.res
t:\robomaster_2\project\mujocomissile\build\_deps\glfw-build\examples\gears.dir\debug\gears.ilk
t:\robomaster_2\project\mujocomissile\build\_deps\glfw-build\examples\gears.dir\debug\gears.tlog\cl.command.1.tlog
t:\robomaster_2\project\mujocomissile\build\_deps\glfw-build\examples\gears.dir\debug\gears.tlog\cl.items.tlog
t:\robomaster_2\project\mujocomissile\build\_deps\glfw-build\examples\gears.dir\debug\gears.tlog\cl.read.1.tlog
t:\robomaster_2\project\mujocomissile\build\_deps\glfw-build\examples\gears.dir\debug\gears.tlog\cl.write.1.tlog
t:\robomaster_2\project\mujocomissile\build\_deps\glfw-build\examples\gears.dir\debug\gears.tlog\custombuild.command.1.tlog
t:\robomaster_2\project\mujocomissile\build\_deps\glfw-build\examples\gears.dir\debug\gears.tlog\custombuild.read.1.tlog
t:\robomaster_2\project\mujocomissile\build\_deps\glfw-build\examples\gears.dir\debug\gears.tlog\custombuild.write.1.tlog
t:\robomaster_2\project\mujocomissile\build\_deps\glfw-build\examples\gears.dir\debug\gears.tlog\link.command.1.tlog
t:\robomaster_2\project\mujocomissile\build\_deps\glfw-build\examples\gears.dir\debug\gears.tlog\link.read.1.tlog
t:\robomaster_2\project\mujocomissile\build\_deps\glfw-build\examples\gears.dir\debug\gears.tlog\link.secondary.1.tlog
t:\robomaster_2\project\mujocomissile\build\_deps\glfw-build\examples\gears.dir\debug\gears.tlog\link.write.1.tlog
t:\robomaster_2\project\mujocomissile\build\_deps\glfw-build\examples\gears.dir\debug\gears.tlog\rc.command.1.tlog
t:\robomaster_2\project\mujocomissile\build\_deps\glfw-build\examples\gears.dir\debug\gears.tlog\rc.read.1.tlog
t:\robomaster_2\project\mujocomissile\build\_deps\glfw-build\examples\gears.dir\debug\gears.tlog\rc.write.1.tlog
